CCS PCM C Compiler, Version 5.076, 5967               12-Oct-20 17:53

               Filename:   C:\Users\Sergio\Google Drive\Projects\Serial con PIC\serial_PIC.lst

               ROM used:   729 words (9%)
                           Largest free fragment is 2048
               RAM used:   12 (3%) at main() level
                           37 (10%) worst case
               Stack used: 1 locations
               Stack size: 8

*
0000:  MOVLW  02
0001:  MOVWF  0A
0002:  GOTO   24A
0003:  NOP
.................... #INCLUDE <16f887.h> 
.................... //////////// Standard Header file for the PIC16F887 device //////////////// 
.................... /////////////////////////////////////////////////////////////////////////// 
.................... ////        (C) Copyright 1996, 2014 Custom Computer Services          //// 
.................... //// This source code may only be used by licensed users of the CCS C  //// 
.................... //// compiler.  This source code may only be distributed to other      //// 
.................... //// licensed users of the CCS C compiler.  No other use, reproduction //// 
.................... //// or distribution is permitted without written permission.          //// 
.................... //// Derivative programs created using this software in object code    //// 
.................... //// form are not restricted in any way.                               //// 
.................... /////////////////////////////////////////////////////////////////////////// 
.................... #device PIC16F887 
0004:  DATA 0D,26
0005:  DATA 61,10
0006:  DATA D4,32
0007:  DATA 6D,38
0008:  DATA 65,39
0009:  DATA 61,3A
000A:  DATA 75,39
000B:  DATA 61,10
000C:  DATA E5,39
000D:  DATA 3A,10
000E:  DATA 25,19
000F:  DATA AE,19
0010:  DATA 66,10
0011:  DATA C3,06
0012:  DATA 0A,00
*
0028:  MOVLW  8E
0029:  MOVWF  77
002A:  MOVF   27,W
002B:  MOVWF  78
002C:  MOVF   26,W
002D:  MOVWF  79
002E:  CLRF   7A
002F:  MOVF   78,F
0030:  BTFSS  03.2
0031:  GOTO   03C
0032:  MOVF   79,W
0033:  MOVWF  78
0034:  CLRF   79
0035:  MOVLW  08
0036:  SUBWF  77,F
0037:  MOVF   78,F
0038:  BTFSS  03.2
0039:  GOTO   03C
003A:  CLRF   77
003B:  GOTO   044
003C:  BCF    03.0
003D:  BTFSC  78.7
003E:  GOTO   043
003F:  RLF    79,F
0040:  RLF    78,F
0041:  DECF   77,F
0042:  GOTO   03C
0043:  BCF    78.7
0044:  BCF    0A.3
0045:  BCF    0A.4
0046:  GOTO   296 (RETURN)
0047:  MOVF   33,W
0048:  BTFSC  03.2
0049:  GOTO   0B7
004A:  MOVWF  3B
004B:  MOVF   37,W
004C:  BTFSC  03.2
004D:  GOTO   0B7
004E:  ADDWF  3B,F
004F:  BTFSC  03.0
0050:  GOTO   058
0051:  MOVLW  7F
0052:  SUBWF  3B,F
0053:  BTFSS  03.0
0054:  GOTO   0B7
0055:  BTFSC  03.2
0056:  GOTO   0B7
0057:  GOTO   05C
0058:  MOVLW  81
0059:  ADDWF  3B,F
005A:  BTFSC  03.0
005B:  GOTO   0B7
005C:  MOVF   3B,W
005D:  MOVWF  77
005E:  CLRF   78
005F:  CLRF   79
0060:  CLRF   7A
0061:  MOVF   34,W
0062:  MOVWF  3F
0063:  BSF    3F.7
0064:  MOVF   35,W
0065:  MOVWF  3E
0066:  MOVF   36,W
0067:  MOVWF  3D
0068:  MOVLW  18
0069:  MOVWF  3B
006A:  CLRF   3C
006B:  BTFSS  3D.0
006C:  GOTO   085
006D:  MOVF   3A,W
006E:  ADDWF  7A,F
006F:  BTFSS  03.0
0070:  GOTO   077
0071:  INCF   79,F
0072:  BTFSS  03.2
0073:  GOTO   077
0074:  INCF   78,F
0075:  BTFSC  03.2
0076:  BSF    3C.7
0077:  MOVF   39,W
0078:  ADDWF  79,F
0079:  BTFSS  03.0
007A:  GOTO   07E
007B:  INCF   78,F
007C:  BTFSC  03.2
007D:  BSF    3C.7
007E:  MOVF   38,W
007F:  MOVWF  35
0080:  BSF    35.7
0081:  MOVF   35,W
0082:  ADDWF  78,F
0083:  BTFSC  03.0
0084:  BSF    3C.7
0085:  RLF    3C,F
0086:  RRF    78,F
0087:  RRF    79,F
0088:  RRF    7A,F
0089:  RRF    3F,F
008A:  RRF    3E,F
008B:  RRF    3D,F
008C:  BCF    03.0
008D:  DECFSZ 3B,F
008E:  GOTO   06A
008F:  MOVLW  01
0090:  ADDWF  77,F
0091:  BTFSC  03.0
0092:  GOTO   0B7
0093:  BTFSC  78.7
0094:  GOTO   09C
0095:  RLF    3F,F
0096:  RLF    7A,F
0097:  RLF    79,F
0098:  RLF    78,F
0099:  DECF   77,F
009A:  BTFSC  03.2
009B:  GOTO   0B7
009C:  BTFSS  3F.7
009D:  GOTO   0AD
009E:  INCF   7A,F
009F:  BTFSS  03.2
00A0:  GOTO   0AD
00A1:  INCF   79,F
00A2:  BTFSS  03.2
00A3:  GOTO   0AD
00A4:  INCF   78,F
00A5:  BTFSS  03.2
00A6:  GOTO   0AD
00A7:  RRF    78,F
00A8:  RRF    79,F
00A9:  RRF    7A,F
00AA:  INCF   77,F
00AB:  BTFSC  03.2
00AC:  GOTO   0B7
00AD:  MOVF   34,W
00AE:  MOVWF  3C
00AF:  MOVF   38,W
00B0:  XORWF  3C,F
00B1:  BTFSS  3C.7
00B2:  GOTO   0B5
00B3:  BSF    78.7
00B4:  GOTO   0BB
00B5:  BCF    78.7
00B6:  GOTO   0BB
00B7:  CLRF   77
00B8:  CLRF   78
00B9:  CLRF   79
00BA:  CLRF   7A
00BB:  RETURN
00BC:  MOVF   0B,W
00BD:  MOVWF  27
00BE:  BCF    0B.7
00BF:  BSF    03.5
00C0:  BSF    03.6
00C1:  BSF    0C.7
00C2:  BSF    0C.0
00C3:  NOP
00C4:  NOP
00C5:  BCF    03.5
00C6:  BCF    03.6
00C7:  BTFSC  27.7
00C8:  BSF    0B.7
00C9:  BTFSC  03.0
00CA:  GOTO   0F4
00CB:  BSF    03.6
00CC:  MOVF   0C,W
00CD:  ANDLW  7F
00CE:  BCF    03.6
00CF:  MOVWF  27
00D0:  BSF    03.6
00D1:  MOVF   0D,W
00D2:  BCF    03.6
00D3:  MOVWF  28
00D4:  BSF    03.6
00D5:  MOVF   0F,W
00D6:  BCF    03.6
00D7:  MOVWF  29
00D8:  MOVF   27,W
00D9:  BTFSS  0C.4
00DA:  GOTO   0D9
00DB:  MOVWF  19
00DC:  MOVF   28,W
00DD:  BSF    03.6
00DE:  MOVWF  0D
00DF:  BCF    03.6
00E0:  MOVF   29,W
00E1:  BSF    03.6
00E2:  MOVWF  0F
00E3:  BCF    03.6
00E4:  MOVF   0B,W
00E5:  MOVWF  2A
00E6:  BCF    0B.7
00E7:  BSF    03.5
00E8:  BSF    03.6
00E9:  BSF    0C.7
00EA:  BSF    0C.0
00EB:  NOP
00EC:  NOP
00ED:  BCF    03.5
00EE:  BCF    03.6
00EF:  BTFSC  2A.7
00F0:  BSF    0B.7
00F1:  DECFSZ 26,F
00F2:  GOTO   0F4
00F3:  GOTO   114
00F4:  BSF    03.6
00F5:  RLF    0C,W
00F6:  RLF    0E,W
00F7:  ANDLW  7F
00F8:  BCF    03.6
00F9:  MOVWF  27
00FA:  BSF    03.6
00FB:  MOVF   0D,W
00FC:  BCF    03.6
00FD:  MOVWF  28
00FE:  BSF    03.6
00FF:  MOVF   0F,W
0100:  BCF    03.6
0101:  MOVWF  29
0102:  MOVF   27,W
0103:  BTFSS  0C.4
0104:  GOTO   103
0105:  MOVWF  19
0106:  MOVF   28,W
0107:  BSF    03.6
0108:  MOVWF  0D
0109:  BCF    03.6
010A:  MOVF   29,W
010B:  BSF    03.6
010C:  MOVWF  0F
010D:  INCF   0D,F
010E:  BTFSC  03.2
010F:  INCF   0F,F
0110:  BCF    03.0
0111:  BCF    03.6
0112:  DECFSZ 26,F
0113:  GOTO   0BC
0114:  RETURN
0115:  BTFSC  03.1
0116:  GOTO   11A
0117:  MOVLW  3B
0118:  MOVWF  04
0119:  BCF    03.7
011A:  CLRF   77
011B:  CLRF   78
011C:  CLRF   79
011D:  CLRF   7A
011E:  CLRF   3B
011F:  CLRF   3C
0120:  CLRF   3D
0121:  CLRF   3E
0122:  MOVF   3A,W
0123:  IORWF  39,W
0124:  IORWF  38,W
0125:  IORWF  37,W
0126:  BTFSC  03.2
0127:  GOTO   158
0128:  MOVLW  20
0129:  MOVWF  3F
012A:  BCF    03.0
012B:  RLF    33,F
012C:  RLF    34,F
012D:  RLF    35,F
012E:  RLF    36,F
012F:  RLF    3B,F
0130:  RLF    3C,F
0131:  RLF    3D,F
0132:  RLF    3E,F
0133:  MOVF   3A,W
0134:  SUBWF  3E,W
0135:  BTFSS  03.2
0136:  GOTO   141
0137:  MOVF   39,W
0138:  SUBWF  3D,W
0139:  BTFSS  03.2
013A:  GOTO   141
013B:  MOVF   38,W
013C:  SUBWF  3C,W
013D:  BTFSS  03.2
013E:  GOTO   141
013F:  MOVF   37,W
0140:  SUBWF  3B,W
0141:  BTFSS  03.0
0142:  GOTO   152
0143:  MOVF   37,W
0144:  SUBWF  3B,F
0145:  MOVF   38,W
0146:  BTFSS  03.0
0147:  INCFSZ 38,W
0148:  SUBWF  3C,F
0149:  MOVF   39,W
014A:  BTFSS  03.0
014B:  INCFSZ 39,W
014C:  SUBWF  3D,F
014D:  MOVF   3A,W
014E:  BTFSS  03.0
014F:  INCFSZ 3A,W
0150:  SUBWF  3E,F
0151:  BSF    03.0
0152:  RLF    77,F
0153:  RLF    78,F
0154:  RLF    79,F
0155:  RLF    7A,F
0156:  DECFSZ 3F,F
0157:  GOTO   12A
0158:  MOVF   3B,W
0159:  MOVWF  00
015A:  INCF   04,F
015B:  MOVF   3C,W
015C:  MOVWF  00
015D:  INCF   04,F
015E:  MOVF   3D,W
015F:  MOVWF  00
0160:  INCF   04,F
0161:  MOVF   3E,W
0162:  MOVWF  00
0163:  RETURN
0164:  MOVF   04,W
0165:  MOVWF  2B
0166:  MOVF   2A,W
0167:  MOVWF  2D
0168:  BTFSC  03.2
0169:  GOTO   183
016A:  MOVF   29,W
016B:  MOVWF  36
016C:  MOVF   28,W
016D:  MOVWF  35
016E:  MOVF   27,W
016F:  MOVWF  34
0170:  MOVF   26,W
0171:  MOVWF  33
0172:  CLRF   3A
0173:  CLRF   39
0174:  MOVLW  20
0175:  MOVWF  38
0176:  MOVLW  82
0177:  MOVWF  37
0178:  CALL   047
0179:  MOVF   7A,W
017A:  MOVWF  29
017B:  MOVF   79,W
017C:  MOVWF  28
017D:  MOVF   78,W
017E:  MOVWF  27
017F:  MOVF   77,W
0180:  MOVWF  26
0181:  DECFSZ 2D,F
0182:  GOTO   16A
0183:  MOVF   29,W
0184:  MOVWF  36
0185:  MOVF   28,W
0186:  MOVWF  35
0187:  MOVF   27,W
0188:  MOVWF  34
0189:  MOVF   26,W
018A:  MOVWF  33
018B:  MOVF   33,W
018C:  SUBLW  B6
018D:  MOVWF  33
018E:  CLRF   7A
018F:  MOVF   34,W
0190:  MOVWF  37
0191:  BSF    34.7
0192:  BCF    03.0
0193:  RRF    34,F
0194:  RRF    35,F
0195:  RRF    36,F
0196:  RRF    7A,F
0197:  RRF    79,F
0198:  RRF    78,F
0199:  RRF    77,F
019A:  DECFSZ 33,F
019B:  GOTO   192
019C:  BTFSS  37.7
019D:  GOTO   1A9
019E:  COMF   77,F
019F:  COMF   78,F
01A0:  COMF   79,F
01A1:  COMF   7A,F
01A2:  INCF   77,F
01A3:  BTFSC  03.2
01A4:  INCF   78,F
01A5:  BTFSC  03.2
01A6:  INCF   79,F
01A7:  BTFSC  03.2
01A8:  INCF   7A,F
01A9:  MOVF   7A,W
01AA:  MOVWF  29
01AB:  MOVF   79,W
01AC:  MOVWF  28
01AD:  MOVF   78,W
01AE:  MOVWF  27
01AF:  MOVF   77,W
01B0:  MOVWF  26
01B1:  BTFSS  29.7
01B2:  GOTO   1C0
01B3:  DECF   2B,F
01B4:  BSF    2B.5
01B5:  COMF   26,F
01B6:  COMF   27,F
01B7:  COMF   28,F
01B8:  COMF   29,F
01B9:  INCF   26,F
01BA:  BTFSC  03.2
01BB:  INCF   27,F
01BC:  BTFSC  03.2
01BD:  INCF   28,F
01BE:  BTFSC  03.2
01BF:  INCF   29,F
01C0:  MOVLW  3B
01C1:  MOVWF  32
01C2:  MOVLW  9A
01C3:  MOVWF  31
01C4:  MOVLW  CA
01C5:  MOVWF  30
01C6:  CLRF   2F
01C7:  MOVLW  0A
01C8:  MOVWF  2D
01C9:  MOVF   2A,W
01CA:  BTFSC  03.2
01CB:  INCF   2B,F
01CC:  BSF    03.1
01CD:  MOVLW  26
01CE:  MOVWF  04
01CF:  BCF    03.7
01D0:  MOVF   29,W
01D1:  MOVWF  36
01D2:  MOVF   28,W
01D3:  MOVWF  35
01D4:  MOVF   27,W
01D5:  MOVWF  34
01D6:  MOVF   26,W
01D7:  MOVWF  33
01D8:  MOVF   32,W
01D9:  MOVWF  3A
01DA:  MOVF   31,W
01DB:  MOVWF  39
01DC:  MOVF   30,W
01DD:  MOVWF  38
01DE:  MOVF   2F,W
01DF:  MOVWF  37
01E0:  CALL   115
01E1:  MOVF   78,W
01E2:  MOVF   77,F
01E3:  BTFSS  03.2
01E4:  GOTO   1F8
01E5:  INCF   2A,W
01E6:  SUBWF  2D,W
01E7:  BTFSC  03.2
01E8:  GOTO   1F8
01E9:  MOVF   2B,W
01EA:  BTFSC  03.2
01EB:  GOTO   1FA
01EC:  ANDLW  0F
01ED:  SUBWF  2D,W
01EE:  BTFSC  03.2
01EF:  GOTO   1F2
01F0:  BTFSC  03.0
01F1:  GOTO   22E
01F2:  BTFSC  2B.7
01F3:  GOTO   22E
01F4:  BTFSC  2B.6
01F5:  GOTO   1FA
01F6:  MOVLW  20
01F7:  GOTO   229
01F8:  MOVLW  20
01F9:  ANDWF  2B,F
01FA:  BTFSS  2B.5
01FB:  GOTO   209
01FC:  BCF    2B.5
01FD:  MOVF   2A,W
01FE:  BTFSS  03.2
01FF:  DECF   2B,F
0200:  MOVF   77,W
0201:  MOVWF  2B
0202:  MOVLW  2D
0203:  BTFSS  0C.4
0204:  GOTO   203
0205:  MOVWF  19
0206:  MOVF   2B,W
0207:  MOVWF  77
0208:  CLRF   2B
0209:  MOVF   2A,W
020A:  SUBWF  2D,W
020B:  BTFSS  03.2
020C:  GOTO   218
020D:  MOVF   77,W
020E:  MOVWF  2B
020F:  MOVLW  2E
0210:  BTFSS  0C.4
0211:  GOTO   210
0212:  MOVWF  19
0213:  MOVF   2B,W
0214:  MOVWF  77
0215:  MOVLW  20
0216:  ANDWF  2B,F
0217:  MOVLW  00
0218:  MOVLW  30
0219:  BTFSS  2B.5
021A:  GOTO   229
021B:  BCF    2B.5
021C:  MOVF   2A,W
021D:  BTFSS  03.2
021E:  DECF   2B,F
021F:  MOVF   77,W
0220:  MOVWF  2B
0221:  MOVLW  2D
0222:  BTFSS  0C.4
0223:  GOTO   222
0224:  MOVWF  19
0225:  MOVF   2B,W
0226:  MOVWF  77
0227:  CLRF   2B
0228:  MOVLW  30
0229:  ADDWF  77,F
022A:  MOVF   77,W
022B:  BTFSS  0C.4
022C:  GOTO   22B
022D:  MOVWF  19
022E:  BCF    03.1
022F:  MOVF   32,W
0230:  MOVWF  36
0231:  MOVF   31,W
0232:  MOVWF  35
0233:  MOVF   30,W
0234:  MOVWF  34
0235:  MOVF   2F,W
0236:  MOVWF  33
0237:  CLRF   3A
0238:  CLRF   39
0239:  CLRF   38
023A:  MOVLW  0A
023B:  MOVWF  37
023C:  CALL   115
023D:  MOVF   7A,W
023E:  MOVWF  32
023F:  MOVF   79,W
0240:  MOVWF  31
0241:  MOVF   78,W
0242:  MOVWF  30
0243:  MOVF   77,W
0244:  MOVWF  2F
0245:  DECFSZ 2D,F
0246:  GOTO   1CC
0247:  BCF    0A.3
0248:  BCF    0A.4
0249:  GOTO   2C6 (RETURN)
....................  
.................... #list 
....................  
.................... #device adc=10 
.................... #USE DELAY(CRYSTAL=4000000) 
*
0013:  MOVLW  27
0014:  MOVWF  04
0015:  BCF    03.7
0016:  MOVF   00,W
0017:  BTFSC  03.2
0018:  GOTO   027
0019:  MOVLW  01
001A:  MOVWF  78
001B:  CLRF   77
001C:  DECFSZ 77,F
001D:  GOTO   01C
001E:  DECFSZ 78,F
001F:  GOTO   01B
0020:  MOVLW  4A
0021:  MOVWF  77
0022:  DECFSZ 77,F
0023:  GOTO   022
0024:  GOTO   025
0025:  DECFSZ 00,F
0026:  GOTO   019
0027:  RETURN
.................... #FUSES XT,NOPROTECT,NOWDT,NOBROWNOUT,NOPUT,NOLVP 
.................... #use rs232(baud=9600, xmit=pin_c6, rcv=pin_c7, bits=8) 
....................  
.................... #BYTE PORTA= 5 
.................... #BYTE PORTD= 8 
....................  
.................... long bits;     //Variable almacena los bits 
.................... float tem;     //Almacena la temperatura 
....................  
.................... void main() 
*
024A:  MOVF   03,W
024B:  ANDLW  1F
024C:  MOVWF  03
024D:  BSF    03.5
024E:  BSF    03.6
024F:  BCF    07.3
0250:  MOVLW  19
0251:  BCF    03.6
0252:  MOVWF  19
0253:  MOVLW  A6
0254:  MOVWF  18
0255:  MOVLW  90
0256:  BCF    03.5
0257:  MOVWF  18
0258:  BSF    03.5
0259:  BSF    03.6
025A:  MOVF   09,W
025B:  ANDLW  C0
025C:  MOVWF  09
025D:  BCF    03.6
025E:  BCF    1F.4
025F:  BCF    1F.5
0260:  MOVLW  00
0261:  BSF    03.6
0262:  MOVWF  08
0263:  BCF    03.5
0264:  CLRF   07
0265:  CLRF   08
0266:  CLRF   09
0267:  BCF    03.7
.................... { 
....................    set_tris_a(0b00000001);          //Pongo el RA0 como entrada 
0268:  MOVLW  01
0269:  BSF    03.5
026A:  BCF    03.6
026B:  MOVWF  05
....................    setup_adc_ports(all_analog);     //Pongo todo el puerto a analogo 
026C:  BSF    03.6
026D:  MOVF   09,W
026E:  ANDLW  C0
026F:  IORLW  1F
0270:  MOVWF  09
0271:  BCF    03.6
0272:  BCF    1F.4
0273:  BCF    1F.5
0274:  MOVLW  FF
0275:  BSF    03.6
0276:  MOVWF  08
....................    setup_adc(adc_clock_internal);   //Selecciono reloj interno para conversion 
0277:  BCF    03.5
0278:  BCF    03.6
0279:  BSF    1F.6
027A:  BSF    1F.7
027B:  BSF    03.5
027C:  BSF    1F.7
027D:  BCF    03.5
027E:  BSF    1F.0
....................     
....................    while(1) 
....................    { 
....................        set_adc_channel(0);          //Selecciono el canal 0 (RA0) 
027F:  MOVLW  00
0280:  MOVWF  78
0281:  MOVF   1F,W
0282:  ANDLW  C3
0283:  IORWF  78,W
0284:  MOVWF  1F
....................        delay_ms(1);                 //llamo retardo de 1 ms 
0285:  MOVLW  01
0286:  MOVWF  27
0287:  CALL   013
....................        bits=read_adc();             //Guarde el dato del LM en tempe 
0288:  BSF    1F.1
0289:  BTFSC  1F.1
028A:  GOTO   289
028B:  BSF    03.5
028C:  MOVF   1E,W
028D:  BCF    03.5
028E:  MOVWF  20
028F:  MOVF   1E,W
0290:  MOVWF  21
....................         
....................        tem=bits*0.4882;              //Conversion de bits a temperatura 
0291:  MOVF   21,W
0292:  MOVWF  27
0293:  MOVF   20,W
0294:  MOVWF  26
0295:  GOTO   028
0296:  MOVF   7A,W
0297:  MOVWF  36
0298:  MOVF   79,W
0299:  MOVWF  35
029A:  MOVF   78,W
029B:  MOVWF  34
029C:  MOVF   77,W
029D:  MOVWF  33
029E:  MOVLW  5A
029F:  MOVWF  3A
02A0:  MOVLW  F5
02A1:  MOVWF  39
02A2:  MOVLW  79
02A3:  MOVWF  38
02A4:  MOVLW  7D
02A5:  MOVWF  37
02A6:  CALL   047
02A7:  MOVF   7A,W
02A8:  MOVWF  25
02A9:  MOVF   79,W
02AA:  MOVWF  24
02AB:  MOVF   78,W
02AC:  MOVWF  23
02AD:  MOVF   77,W
02AE:  MOVWF  22
....................        printf("\rLa Temperatura es: %2.3f C\r\n",tem); 
02AF:  MOVLW  04
02B0:  BSF    03.6
02B1:  MOVWF  0D
02B2:  MOVLW  00
02B3:  MOVWF  0F
02B4:  BCF    03.0
02B5:  MOVLW  14
02B6:  BCF    03.6
02B7:  MOVWF  26
02B8:  CALL   0BC
02B9:  MOVLW  89
02BA:  MOVWF  04
02BB:  MOVF   25,W
02BC:  MOVWF  29
02BD:  MOVF   24,W
02BE:  MOVWF  28
02BF:  MOVF   23,W
02C0:  MOVWF  27
02C1:  MOVF   22,W
02C2:  MOVWF  26
02C3:  MOVLW  03
02C4:  MOVWF  2A
02C5:  GOTO   164
02C6:  MOVLW  10
02C7:  BSF    03.6
02C8:  MOVWF  0D
02C9:  MOVLW  00
02CA:  MOVWF  0F
02CB:  BSF    03.0
02CC:  MOVLW  04
02CD:  BCF    03.6
02CE:  MOVWF  26
02CF:  CALL   0BC
....................        delay_ms(1000); 
02D0:  MOVLW  04
02D1:  MOVWF  26
02D2:  MOVLW  FA
02D3:  MOVWF  27
02D4:  CALL   013
02D5:  DECFSZ 26,F
02D6:  GOTO   2D2
02D7:  GOTO   27F
....................    } 
.................... } 
02D8:  SLEEP

Configuration Fuses:
   Word  1: 2CF1   XT NOWDT NOPUT MCLR NOPROTECT NOCPD NOBROWNOUT IESO FCMEN NOLVP NODEBUG
   Word  2: 3FFF   BORV40 NOWRT
